// Jest Snapshot v1, https://goo.gl/fbAQLP

exports[`Navbar test should render the Navbar without crashing 1`] = `
Object {
  "asFragment": [Function],
  "baseElement": <body>
    <div>
      <div
        class="w-full bg-primary_light flex text-primary_dark font-bold text-xl justify-between py-5 shadow-main px-20"
      >
        <img
          alt="logo"
          src="test-file-stub"
        />
        <ul
          class="w-1/2 flex justify-between"
        >
          <li>
            Home
          </li>
          <li>
            Blog
          </li>
          <li>
            About
          </li>
          <button
            type="button"
          >
            Contact
          </button>
        </ul>
      </div>
    </div>
  </body>,
  "container": <div>
    <div
      class="w-full bg-primary_light flex text-primary_dark font-bold text-xl justify-between py-5 shadow-main px-20"
    >
      <img
        alt="logo"
        src="test-file-stub"
      />
      <ul
        class="w-1/2 flex justify-between"
      >
        <li>
          Home
        </li>
        <li>
          Blog
        </li>
        <li>
          About
        </li>
        <button
          type="button"
        >
          Contact
        </button>
      </ul>
    </div>
  </div>,
  "debug": [Function],
  "findAllByAltText": [Function],
  "findAllByDisplayValue": [Function],
  "findAllByLabelText": [Function],
  "findAllByPlaceholderText": [Function],
  "findAllByRole": [Function],
  "findAllByTestId": [Function],
  "findAllByText": [Function],
  "findAllByTitle": [Function],
  "findByAltText": [Function],
  "findByDisplayValue": [Function],
  "findByLabelText": [Function],
  "findByPlaceholderText": [Function],
  "findByRole": [Function],
  "findByTestId": [Function],
  "findByText": [Function],
  "findByTitle": [Function],
  "getAllByAltText": [Function],
  "getAllByDisplayValue": [Function],
  "getAllByLabelText": [Function],
  "getAllByPlaceholderText": [Function],
  "getAllByRole": [Function],
  "getAllByTestId": [Function],
  "getAllByText": [Function],
  "getAllByTitle": [Function],
  "getByAltText": [Function],
  "getByDisplayValue": [Function],
  "getByLabelText": [Function],
  "getByPlaceholderText": [Function],
  "getByRole": [Function],
  "getByTestId": [Function],
  "getByText": [Function],
  "getByTitle": [Function],
  "queryAllByAltText": [Function],
  "queryAllByDisplayValue": [Function],
  "queryAllByLabelText": [Function],
  "queryAllByPlaceholderText": [Function],
  "queryAllByRole": [Function],
  "queryAllByTestId": [Function],
  "queryAllByText": [Function],
  "queryAllByTitle": [Function],
  "queryByAltText": [Function],
  "queryByDisplayValue": [Function],
  "queryByLabelText": [Function],
  "queryByPlaceholderText": [Function],
  "queryByRole": [Function],
  "queryByTestId": [Function],
  "queryByText": [Function],
  "queryByTitle": [Function],
  "rerender": [Function],
  "unmount": [Function],
}
`;
